[1;34mT Name                  Worth            Level  Quest  Attr   Comp
Д ДДДДДДДДДДДДДДДДДДДД  ДДДДДДДДДДДДДДД  ДДДДД  ДДДДД  ДДДДД  ДДДДД
[1;37m  KAI TUKOV                   1,537,175     18    108    368   4000

[1;34m# Team Name                       Score
Д ДДДДДДДДДДДДДДДДДДДДДДДДДДДДДД  ДДДДД
[0;37m